// Jest Snapshot v1, https://goo.gl/fbAQLP

exports[`ProductTitle Renders ProcutTitle with a custom title without crashing 1`] = `
<span
  className="productDescription custom-class"
>
  Custom title
</span>
`;

exports[`ProductTitle Renders ProcutTitle with a the title of the product without crashing 1`] = `
<div
  className="productCard undefined"
>
  <span
    className="productDescription undefined"
  >
    Coffee Mug - Card No Image
  </span>
</div>
`;
